{
    "sarscov2 - fasta  - stub": {
        "content": [
            {
                "0": [
                    [
                        {
                            "id": "test",
                            "single_end": false
                        },
                        "test.agp:md5,d41d8cd98f00b204e9800998ecf8427e"
                    ]
                ],
                "1": [
                    "versions.yml:md5,999a69e2270bed19914bb031bef66e12"
                ],
                "agp": [
                    [
                        {
                            "id": "test",
                            "single_end": false
                        },
                        "test.agp:md5,d41d8cd98f00b204e9800998ecf8427e"
                    ]
                ],
                "versions": [
                    "versions.yml:md5,999a69e2270bed19914bb031bef66e12"
                ]
            }
        ],
        "meta": {
            "nf-test": "0.9.2",
            "nextflow": "24.10.6"
        },
        "timestamp": "2025-05-19T13:58:56.593979"
    },
    "sarscov2 - fasta": {
        "content": [
            {
                "0": [
                    [
                        {
                            "id": "test",
                            "single_end": false
                        },
                        "test.agp:md5,bb14c5d35ad337501d6a1aa51d4688cb"
                    ]
                ],
                "1": [
                    "versions.yml:md5,999a69e2270bed19914bb031bef66e12"
                ],
                "agp": [
                    [
                        {
                            "id": "test",
                            "single_end": false
                        },
                        "test.agp:md5,bb14c5d35ad337501d6a1aa51d4688cb"
                    ]
                ],
                "versions": [
                    "versions.yml:md5,999a69e2270bed19914bb031bef66e12"
                ]
            }
        ],
        "meta": {
            "nf-test": "0.9.2",
            "nextflow": "24.10.6"
        },
        "timestamp": "2025-05-19T13:58:52.749741"
    }
}