{
    "candidatus_portiera_aleyrodidarum - Gffs": {
        "content": [
            [
                "versions.yml:md5,3b461a98eb18641f842397b7c626f59c"
            ],
            [
                "##gff-version 3",
                "##sequence-region NC_018507.1 1 358242",
                "NC_018507.1\tAGAT\tgene\t1\t1926\t.\t+\t.\tID=agat-gene-1;Name=dnaK;db_xref=COG:COG0443;gene=dnaK;inference=ab initio prediction:Prodigal:002006,similar to AA sequence:UniProtKB:O87712;locus_tag=JKHLNHAL_00001;product=Chaperone protein DnaK"
            ]
        ],
        "meta": {
            "nf-test": "0.9.2",
            "nextflow": "24.10.6"
        },
        "timestamp": "2025-05-06T10:38:15.349104"
    },
    "candidatus_portiera_aleyrodidarum - Gffs - stub": {
        "content": [
            {
                "0": [
                    [
                        {
                            "id": "test",
                            "single_end": false
                        },
                        "test.gff:md5,d41d8cd98f00b204e9800998ecf8427e"
                    ]
                ],
                "1": [
                    "versions.yml:md5,3b461a98eb18641f842397b7c626f59c"
                ],
                "gff": [
                    [
                        {
                            "id": "test",
                            "single_end": false
                        },
                        "test.gff:md5,d41d8cd98f00b204e9800998ecf8427e"
                    ]
                ],
                "versions": [
                    "versions.yml:md5,3b461a98eb18641f842397b7c626f59c"
                ]
            }
        ],
        "meta": {
            "nf-test": "0.9.2",
            "nextflow": "24.10.6"
        },
        "timestamp": "2025-05-06T10:13:11.651559"
    }
}