{
    "sarscov2 - genome - paf": {
        "content": [
            {
                "0": [
                    [
                        {
                            "id": "test",
                            "single_end": false
                        },
                        "test.clip_abs.wig:md5,06c0564b7e570c76598fdee2daa44352"
                    ]
                ],
                "1": [
                    [
                        {
                            "id": "test",
                            "single_end": false
                        },
                        "test.clip_norm.wig:md5,a8030168e52d108d3e7d25fd796e65e7"
                    ]
                ],
                "2": [
                    [
                        {
                            "id": "test",
                            "single_end": false
                        },
                        "test.cov.wig:md5,dd02a0f4e4fe110158367a7c7d0f665c"
                    ]
                ],
                "3": [
                    "versions.yml:md5,d5c9ffc91212d148d659ef46f9310241"
                ],
                "clip_abs": [
                    [
                        {
                            "id": "test",
                            "single_end": false
                        },
                        "test.clip_abs.wig:md5,06c0564b7e570c76598fdee2daa44352"
                    ]
                ],
                "clip_norm": [
                    [
                        {
                            "id": "test",
                            "single_end": false
                        },
                        "test.clip_norm.wig:md5,a8030168e52d108d3e7d25fd796e65e7"
                    ]
                ],
                "cov": [
                    [
                        {
                            "id": "test",
                            "single_end": false
                        },
                        "test.cov.wig:md5,dd02a0f4e4fe110158367a7c7d0f665c"
                    ]
                ],
                "versions": [
                    "versions.yml:md5,d5c9ffc91212d148d659ef46f9310241"
                ]
            }
        ],
        "meta": {
            "nf-test": "0.9.2",
            "nextflow": "25.04.6"
        },
        "timestamp": "2025-07-29T13:56:33.494577"
    },
    "sarscov2 - genome - paf - stub": {
        "content": [
            {
                "0": [
                    [
                        {
                            "id": "test",
                            "single_end": false
                        },
                        "test.clip_abs.wig:md5,d41d8cd98f00b204e9800998ecf8427e"
                    ]
                ],
                "1": [
                    [
                        {
                            "id": "test",
                            "single_end": false
                        },
                        "test.clip_norm.wig:md5,d41d8cd98f00b204e9800998ecf8427e"
                    ]
                ],
                "2": [
                    [
                        {
                            "id": "test",
                            "single_end": false
                        },
                        "test.cov.wig:md5,d41d8cd98f00b204e9800998ecf8427e"
                    ]
                ],
                "3": [
                    "versions.yml:md5,d5c9ffc91212d148d659ef46f9310241"
                ],
                "clip_abs": [
                    [
                        {
                            "id": "test",
                            "single_end": false
                        },
                        "test.clip_abs.wig:md5,d41d8cd98f00b204e9800998ecf8427e"
                    ]
                ],
                "clip_norm": [
                    [
                        {
                            "id": "test",
                            "single_end": false
                        },
                        "test.clip_norm.wig:md5,d41d8cd98f00b204e9800998ecf8427e"
                    ]
                ],
                "cov": [
                    [
                        {
                            "id": "test",
                            "single_end": false
                        },
                        "test.cov.wig:md5,d41d8cd98f00b204e9800998ecf8427e"
                    ]
                ],
                "versions": [
                    "versions.yml:md5,d5c9ffc91212d148d659ef46f9310241"
                ]
            }
        ],
        "meta": {
            "nf-test": "0.9.2",
            "nextflow": "25.04.6"
        },
        "timestamp": "2025-07-29T13:56:37.274895"
    }
}