{
    "sarscov2 - genome - fasta": {
        "content": [
            [
                [
                    {
                        "id": "test",
                        "single_end": false
                    },
                    "test.masked:md5,c0eb8dd958ce3b4b1fdc7fcb6b0d5161"
                ]
            ],
            [
                [
                    {
                        "id": "test",
                        "single_end": false
                    },
                    "test.out:md5,8610cb2b8d87356bf2ab0a895c065752"
                ]
            ],
            [
                "versions.yml:md5,f22d471f5aed51b369cc4295ad1f7bc0"
            ]
        ],
        "meta": {
            "nf-test": "0.8.4",
            "nextflow": "24.04.3"
        },
        "timestamp": "2024-07-25T12:17:18.863465"
    },
    "sarscov2 - genome - fasta - stub": {
        "content": [
            {
                "0": [
                    [
                        {
                            "id": "test",
                            "single_end": false
                        },
                        "test.masked:md5,d41d8cd98f00b204e9800998ecf8427e"
                    ]
                ],
                "1": [
                    [
                        {
                            "id": "test",
                            "single_end": false
                        },
                        "test.out:md5,d41d8cd98f00b204e9800998ecf8427e"
                    ]
                ],
                "2": [
                    [
                        {
                            "id": "test",
                            "single_end": false
                        },
                        "test.tbl:md5,d41d8cd98f00b204e9800998ecf8427e"
                    ]
                ],
                "3": [
                    "versions.yml:md5,f22d471f5aed51b369cc4295ad1f7bc0"
                ],
                "masked": [
                    [
                        {
                            "id": "test",
                            "single_end": false
                        },
                        "test.masked:md5,d41d8cd98f00b204e9800998ecf8427e"
                    ]
                ],
                "out": [
                    [
                        {
                            "id": "test",
                            "single_end": false
                        },
                        "test.out:md5,d41d8cd98f00b204e9800998ecf8427e"
                    ]
                ],
                "tbl": [
                    [
                        {
                            "id": "test",
                            "single_end": false
                        },
                        "test.tbl:md5,d41d8cd98f00b204e9800998ecf8427e"
                    ]
                ],
                "versions": [
                    "versions.yml:md5,f22d471f5aed51b369cc4295ad1f7bc0"
                ]
            }
        ],
        "meta": {
            "nf-test": "0.8.4",
            "nextflow": "24.04.3"
        },
        "timestamp": "2024-07-25T11:01:52.492661"
    }
}