{
    "nanopore - test_sequencing_summary stub": {
        "content": [
            {
                "0": [
                    [
                        {
                            "id": "test"
                        },
                        "test_sorted.txt:md5,d41d8cd98f00b204e9800998ecf8427e"
                    ]
                ],
                "1": [
                    "versions.yml:md5,72606742313f58d65d9582367549c581"
                ],
                "sorted_txt": [
                    [
                        {
                            "id": "test"
                        },
                        "test_sorted.txt:md5,d41d8cd98f00b204e9800998ecf8427e"
                    ]
                ],
                "versions": [
                    "versions.yml:md5,72606742313f58d65d9582367549c581"
                ]
            }
        ],
        "meta": {
            "nf-test": "0.9.2",
            "nextflow": "24.10.2"
        },
        "timestamp": "2025-03-18T23:21:05.927274941"
    },
    "nanopore - test_sequencing_summary": {
        "content": [
            {
                "0": [
                    [
                        {
                            "id": "test"
                        },
                        "test_sorted.txt:md5,56ef18b392e17b5f1dd9309f7983c867"
                    ]
                ],
                "1": [
                    "versions.yml:md5,72606742313f58d65d9582367549c581"
                ],
                "sorted_txt": [
                    [
                        {
                            "id": "test"
                        },
                        "test_sorted.txt:md5,56ef18b392e17b5f1dd9309f7983c867"
                    ]
                ],
                "versions": [
                    "versions.yml:md5,72606742313f58d65d9582367549c581"
                ]
            }
        ],
        "meta": {
            "nf-test": "0.9.2",
            "nextflow": "24.10.2"
        },
        "timestamp": "2025-03-18T23:20:57.965241975"
    }
}