{
    "sarscov2 - fasta - stub": {
        "content": [
            {
                "0": [
                    [
                        {
                            "id": "test"
                        },
                        "test.bed:md5,d41d8cd98f00b204e9800998ecf8427e"
                    ]
                ],
                "1": [
                    "versions.yml:md5,17a322435577320c25f6564444a092ec",
                    "versions.yml:md5,20b8080748522e64cd8f91fd7e308d04",
                    "versions.yml:md5,d2ee1f0baf2565c82d1b0687635e19d9"
                ],
                "nuc": [
                    [
                        {
                            "id": "test"
                        },
                        "test.bed:md5,d41d8cd98f00b204e9800998ecf8427e"
                    ]
                ],
                "versions": [
                    "versions.yml:md5,17a322435577320c25f6564444a092ec",
                    "versions.yml:md5,20b8080748522e64cd8f91fd7e308d04",
                    "versions.yml:md5,d2ee1f0baf2565c82d1b0687635e19d9"
                ]
            }
        ],
        "meta": {
            "nf-test": "0.9.2",
            "nextflow": "25.04.6"
        },
        "timestamp": "2025-08-19T11:48:13.426789"
    },
    "sarscov2 - fasta": {
        "content": [
            {
                "0": [
                    [
                        {
                            "id": "test"
                        },
                        "test.bed:md5,977c49e01f2c64deb42bb32398b0c3c9"
                    ]
                ],
                "1": [
                    "versions.yml:md5,20b8080748522e64cd8f91fd7e308d04",
                    "versions.yml:md5,d2ee1f0baf2565c82d1b0687635e19d9",
                    "versions.yml:md5,e2f581f6e9fc8b7a37ada7bd10350228"
                ],
                "nuc": [
                    [
                        {
                            "id": "test"
                        },
                        "test.bed:md5,977c49e01f2c64deb42bb32398b0c3c9"
                    ]
                ],
                "versions": [
                    "versions.yml:md5,20b8080748522e64cd8f91fd7e308d04",
                    "versions.yml:md5,d2ee1f0baf2565c82d1b0687635e19d9",
                    "versions.yml:md5,e2f581f6e9fc8b7a37ada7bd10350228"
                ]
            }
        ],
        "meta": {
            "nf-test": "0.9.2",
            "nextflow": "25.04.6"
        },
        "timestamp": "2025-08-19T11:47:23.412481"
    }
}