{
    "interleavefasta - standard": {
        "content": [
            {
                "0": [
                    [
                        {
                            "id": "test"
                        },
                        "test.fasta:md5,3a3fbf038c4084fe2a6ca6881b040fa0"
                    ]
                ],
                "1": [
                    "versions.yml:md5,d068b70bd89339c1cf161f53f987eb6b"
                ],
                "fasta": [
                    [
                        {
                            "id": "test"
                        },
                        "test.fasta:md5,3a3fbf038c4084fe2a6ca6881b040fa0"
                    ]
                ],
                "versions": [
                    "versions.yml:md5,d068b70bd89339c1cf161f53f987eb6b"
                ]
            }
        ],
        "meta": {
            "nf-test": "0.9.2",
            "nextflow": "25.04.4"
        },
        "timestamp": "2025-07-01T12:16:57.180531"
    },
    "interleavefasta - empty input": {
        "content": [
            {
                "0": [
                    [
                        {
                            "id": "test"
                        },
                        "test.fasta:md5,0ede8d9587873eb05c2c2b17f63e31f4"
                    ]
                ],
                "1": [
                    "versions.yml:md5,d068b70bd89339c1cf161f53f987eb6b"
                ],
                "fasta": [
                    [
                        {
                            "id": "test"
                        },
                        "test.fasta:md5,0ede8d9587873eb05c2c2b17f63e31f4"
                    ]
                ],
                "versions": [
                    "versions.yml:md5,d068b70bd89339c1cf161f53f987eb6b"
                ]
            }
        ],
        "meta": {
            "nf-test": "0.9.2",
            "nextflow": "25.04.4"
        },
        "timestamp": "2025-07-01T12:18:13.300382"
    },
    "interleavefasta - id collision triggers prefix": {
        "content": [
            {
                "0": [
                    [
                        {
                            "id": "test"
                        },
                        "test.fasta:md5,ef386ed4c8f37fda8ded4124250e2dd5"
                    ]
                ],
                "1": [
                    "versions.yml:md5,d068b70bd89339c1cf161f53f987eb6b"
                ],
                "fasta": [
                    [
                        {
                            "id": "test"
                        },
                        "test.fasta:md5,ef386ed4c8f37fda8ded4124250e2dd5"
                    ]
                ],
                "versions": [
                    "versions.yml:md5,d068b70bd89339c1cf161f53f987eb6b"
                ]
            }
        ],
        "meta": {
            "nf-test": "0.9.2",
            "nextflow": "25.04.4"
        },
        "timestamp": "2025-07-01T12:19:20.624811"
    }
}