{
    "HY - agp - stub": {
        "content": [
            {
                "0": [
                    [
                        {
                            "id": "test",
                            "single_end": false
                        },
                        "test.assembly:md5,d41d8cd98f00b204e9800998ecf8427e"
                    ]
                ],
                "1": [
                    "versions.yml:md5,a108501cebf8df4cc42a0382ea8be68a"
                ],
                "assembly": [
                    [
                        {
                            "id": "test",
                            "single_end": false
                        },
                        "test.assembly:md5,d41d8cd98f00b204e9800998ecf8427e"
                    ]
                ],
                "versions": [
                    "versions.yml:md5,a108501cebf8df4cc42a0382ea8be68a"
                ]
            }
        ],
        "meta": {
            "nf-test": "0.9.2",
            "nextflow": "25.04.6"
        },
        "timestamp": "2025-07-21T14:49:28.480672"
    },
    "HY - agp": {
        "content": [
            {
                "0": [
                    [
                        {
                            "id": "test",
                            "single_end": false
                        },
                        "test.assembly:md5,48f07547635ccfd80eddc5b9a0d8040f"
                    ]
                ],
                "1": [
                    "versions.yml:md5,a108501cebf8df4cc42a0382ea8be68a"
                ],
                "assembly": [
                    [
                        {
                            "id": "test",
                            "single_end": false
                        },
                        "test.assembly:md5,48f07547635ccfd80eddc5b9a0d8040f"
                    ]
                ],
                "versions": [
                    "versions.yml:md5,a108501cebf8df4cc42a0382ea8be68a"
                ]
            }
        ],
        "meta": {
            "nf-test": "0.9.2",
            "nextflow": "25.04.6"
        },
        "timestamp": "2025-07-21T14:49:24.507013"
    }
}