{
    "hits": {
        "content": [
            [
                [
                    {
                        "id": "test"
                    },
                    "test.emapper.hits:md5,9ab2e1810b911f2e6c63f8c0f998ee83"
                ]
            ]
        ],
        "meta": {
            "nf-test": "0.9.2",
            "nextflow": "24.10.4"
        },
        "timestamp": "2025-01-29T09:54:54.850841"
    },
    "versions--empty-params": {
        "content": [
            [
                "versions.yml:md5,d3e4efad28b5a924585ea3dfcf72c32c"
            ]
        ],
        "meta": {
            "nf-test": "0.8.4",
            "nextflow": "23.10.1"
        },
        "timestamp": "2024-04-15T11:42:23.737523"
    },
    "versions": {
        "content": [
            [
                "versions.yml:md5,d3e4efad28b5a924585ea3dfcf72c32c"
            ]
        ],
        "meta": {
            "nf-test": "0.8.4",
            "nextflow": "23.10.1"
        },
        "timestamp": "2024-04-12T13:45:26.555465"
    },
    "hits--empty-params": {
        "content": [
            [
                [
                    {
                        "id": "test"
                    },
                    "test.emapper.hits:md5,9ab2e1810b911f2e6c63f8c0f998ee83"
                ]
            ]
        ],
        "meta": {
            "nf-test": "0.9.2",
            "nextflow": "24.10.4"
        },
        "timestamp": "2025-01-29T09:55:08.582963"
    }
}