{
    "sarscov2 - genome - fasta": {
        "content": [
            [
                [
                    {
                        "id": "test",
                        "single_end": false
                    },
                    "test.masked:md5,c0eb8dd958ce3b4b1fdc7fcb6b0d5161"
                ]
            ],
            [
                [
                    {
                        "id": "test",
                        "single_end": false
                    },
                    "test.out:md5,8610cb2b8d87356bf2ab0a895c065752"
                ]
            ],
            [
                [
                    {
                        "id": "test",
                        "single_end": false
                    },
                    "test.gff:md5,289cdcae609a8c450a20080107ea6351"
                ]
            ],
            [
                "versions.yml:md5,1386abb5112b809c321da8ddc598c573"
            ]
        ],
        "meta": {
            "nf-test": "0.8.4",
            "nextflow": "24.04.3"
        },
        "timestamp": "2024-08-07T14:25:15.979032"
    },
    "sarscov2 - genome - fasta - stub": {
        "content": [
            {
                "0": [
                    [
                        {
                            "id": "test",
                            "single_end": false
                        },
                        "test.masked:md5,d41d8cd98f00b204e9800998ecf8427e"
                    ]
                ],
                "1": [
                    [
                        {
                            "id": "test",
                            "single_end": false
                        },
                        "test.out:md5,d41d8cd98f00b204e9800998ecf8427e"
                    ]
                ],
                "2": [
                    [
                        {
                            "id": "test",
                            "single_end": false
                        },
                        "test.tbl:md5,d41d8cd98f00b204e9800998ecf8427e"
                    ]
                ],
                "3": [
                    
                ],
                "4": [
                    "versions.yml:md5,1386abb5112b809c321da8ddc598c573"
                ],
                "gff": [
                    
                ],
                "masked": [
                    [
                        {
                            "id": "test",
                            "single_end": false
                        },
                        "test.masked:md5,d41d8cd98f00b204e9800998ecf8427e"
                    ]
                ],
                "out": [
                    [
                        {
                            "id": "test",
                            "single_end": false
                        },
                        "test.out:md5,d41d8cd98f00b204e9800998ecf8427e"
                    ]
                ],
                "tbl": [
                    [
                        {
                            "id": "test",
                            "single_end": false
                        },
                        "test.tbl:md5,d41d8cd98f00b204e9800998ecf8427e"
                    ]
                ],
                "versions": [
                    "versions.yml:md5,1386abb5112b809c321da8ddc598c573"
                ]
            }
        ],
        "meta": {
            "nf-test": "0.8.4",
            "nextflow": "24.04.3"
        },
        "timestamp": "2024-08-07T13:39:51.365612"
    }
}