{
    "sarscov2 - bam, fasta, true, 'bai', false, false": {
        "content": [
            [
                "@HD\tVN:1.6\tSO:coordinate",
                "@SQ\tSN:MT192765.1\tLN:29829",
                "@PG\tID:Winnowmap\tPN:Winnowmap\tVN:2.03\tCL:winnowmap -W repetitive_kx.txt -t 2 -a genome.fasta test.reset.fastq",
                "@PG\tID:samtools\tPN:samtools\tPP:Winnowmap\tVN:1.16.1\tCL:samtools sort -@ 1 -o test.bam##idx##test.bam.bai --write-index"
            ],
            "1f769ca2863ec9d9c79f75142c7fe58c",
            "test.bam.bai",
            [
                "versions.yml:md5,44e1c02faad26af0d0bdb30844faeff6"
            ]
        ],
        "meta": {
            "nf-test": "0.9.2",
            "nextflow": "25.04.6"
        },
        "timestamp": "2025-07-28T14:27:29.774593"
    },
    "sarscov2 - fastq, fasta, true, [], false, false - stub": {
        "content": [
            {
                "0": [
                    
                ],
                "1": [
                    [
                        {
                            "id": "test",
                            "single_end": true
                        },
                        "test.bam:md5,d41d8cd98f00b204e9800998ecf8427e"
                    ]
                ],
                "2": [
                    
                ],
                "3": [
                    "versions.yml:md5,9b1226a11789e59d2e1dead92de69995"
                ],
                "bam": [
                    [
                        {
                            "id": "test",
                            "single_end": true
                        },
                        "test.bam:md5,d41d8cd98f00b204e9800998ecf8427e"
                    ]
                ],
                "index": [
                    
                ],
                "paf": [
                    
                ],
                "versions": [
                    "versions.yml:md5,9b1226a11789e59d2e1dead92de69995"
                ]
            }
        ],
        "meta": {
            "nf-test": "0.9.2",
            "nextflow": "25.04.6"
        },
        "timestamp": "2025-07-28T14:29:26.218865"
    },
    "sarscov2 - [fastq1, fastq2], fasta, true, false, false": {
        "content": [
            [
                "@HD\tVN:1.6\tSO:coordinate",
                "@SQ\tSN:MT192765.1\tLN:29829",
                "@PG\tID:Winnowmap\tPN:Winnowmap\tVN:2.03\tCL:winnowmap -W repetitive_kx.txt -t 2 -a genome.fasta test_1.fastq.gz test_2.fastq.gz",
                "@PG\tID:samtools\tPN:samtools\tPP:Winnowmap\tVN:1.16.1\tCL:samtools sort -@ 1 -o test.bam"
            ],
            "6c1dd20d64c8f6b5aad6d4c5a88cfeb5",
            [
                "versions.yml:md5,44e1c02faad26af0d0bdb30844faeff6"
            ]
        ],
        "meta": {
            "nf-test": "0.9.2",
            "nextflow": "25.04.6"
        },
        "timestamp": "2025-07-28T14:24:29.290371"
    },
    "sarscov2 - fastq, fasta, true, [], false, false": {
        "content": [
            [
                "@HD\tVN:1.6\tSO:coordinate",
                "@SQ\tSN:MT192765.1\tLN:29829",
                "@PG\tID:Winnowmap\tPN:Winnowmap\tVN:2.03\tCL:winnowmap -W repetitive_kx.txt -t 2 -a genome.fasta test_1.fastq.gz",
                "@PG\tID:samtools\tPN:samtools\tPP:Winnowmap\tVN:1.16.1\tCL:samtools sort -@ 1 -o test.bam"
            ],
            "f4019e8862cadae86beb29fff8c28c85",
            [
                "versions.yml:md5,44e1c02faad26af0d0bdb30844faeff6"
            ]
        ],
        "meta": {
            "nf-test": "0.9.2",
            "nextflow": "25.04.6"
        },
        "timestamp": "2025-07-28T14:20:36.037233"
    },
    "sarscov2 - fastq, fasta, true, 'bai', false, false": {
        "content": [
            [
                "@HD\tVN:1.6\tSO:coordinate",
                "@SQ\tSN:MT192765.1\tLN:29829",
                "@PG\tID:Winnowmap\tPN:Winnowmap\tVN:2.03\tCL:winnowmap -W repetitive_kx.txt -t 2 -a genome.fasta test_1.fastq.gz",
                "@PG\tID:samtools\tPN:samtools\tPP:Winnowmap\tVN:1.16.1\tCL:samtools sort -@ 1 -o test.bam##idx##test.bam.bai --write-index"
            ],
            "f4019e8862cadae86beb29fff8c28c85",
            "test.bam.bai",
            [
                "versions.yml:md5,44e1c02faad26af0d0bdb30844faeff6"
            ]
        ],
        "meta": {
            "nf-test": "0.9.2",
            "nextflow": "25.04.6"
        },
        "timestamp": "2025-07-28T14:24:23.458085"
    },
    "sarscov2 - bam, fasta, true, [], false, false": {
        "content": [
            [
                "@HD\tVN:1.6\tSO:coordinate",
                "@SQ\tSN:MT192765.1\tLN:29829",
                "@PG\tID:Winnowmap\tPN:Winnowmap\tVN:2.03\tCL:winnowmap -W repetitive_kx.txt -t 2 -a genome.fasta test.reset.fastq",
                "@PG\tID:samtools\tPN:samtools\tPP:Winnowmap\tVN:1.16.1\tCL:samtools sort -@ 1 -o test.bam"
            ],
            "1f769ca2863ec9d9c79f75142c7fe58c",
            [
                "versions.yml:md5,44e1c02faad26af0d0bdb30844faeff6"
            ]
        ],
        "meta": {
            "nf-test": "0.9.2",
            "nextflow": "25.04.6"
        },
        "timestamp": "2025-07-28T14:27:24.195849"
    }
}