{
    "sarscov2 - bam - stub": {
        "content": [
            {
                "0": [
                    [
                        {
                            "id": "test"
                        },
                        "test.links.txt:md5,d41d8cd98f00b204e9800998ecf8427e"
                    ]
                ],
                "1": [
                    "versions.yml:md5,3a7db756612e49e49d57eb3f3160b955"
                ],
                "links_txt": [
                    [
                        {
                            "id": "test"
                        },
                        "test.links.txt:md5,d41d8cd98f00b204e9800998ecf8427e"
                    ]
                ],
                "versions": [
                    "versions.yml:md5,3a7db756612e49e49d57eb3f3160b955"
                ]
            }
        ],
        "meta": {
            "nf-test": "0.9.2",
            "nextflow": "24.10.5"
        },
        "timestamp": "2025-03-12T12:40:21.02834"
    }
}