{
    "hongyang - hic - stub": {
        "content": [
            {
                "0": [
                    [
                        {
                            "id": "test",
                            "single_end": false
                        },
                        "test.hic:md5,d41d8cd98f00b204e9800998ecf8427e"
                    ]
                ],
                "1": [
                    "versions.yml:md5,2f2429fdc6605a1e22325baff225434f"
                ],
                "hic": [
                    [
                        {
                            "id": "test",
                            "single_end": false
                        },
                        "test.hic:md5,d41d8cd98f00b204e9800998ecf8427e"
                    ]
                ],
                "versions": [
                    "versions.yml:md5,2f2429fdc6605a1e22325baff225434f"
                ]
            }
        ],
        "meta": {
            "nf-test": "0.9.2",
            "nextflow": "24.10.6"
        },
        "timestamp": "2025-05-23T15:12:04.699874"
    },
    "hongyang - hic - mode - assembly - stub": {
        "content": [
            {
                "0": [
                    [
                        {
                            "id": "test",
                            "single_end": false
                        },
                        "test.hic:md5,d41d8cd98f00b204e9800998ecf8427e"
                    ]
                ],
                "1": [
                    "versions.yml:md5,2f2429fdc6605a1e22325baff225434f"
                ],
                "hic": [
                    [
                        {
                            "id": "test",
                            "single_end": false
                        },
                        "test.hic:md5,d41d8cd98f00b204e9800998ecf8427e"
                    ]
                ],
                "versions": [
                    "versions.yml:md5,2f2429fdc6605a1e22325baff225434f"
                ]
            }
        ],
        "meta": {
            "nf-test": "0.9.2",
            "nextflow": "25.04.6"
        },
        "timestamp": "2025-08-07T16:20:15.160418"
    },
    "hongyang - hic": {
        "content": [
            {
                "0": [
                    [
                        {
                            "id": "test",
                            "single_end": false
                        },
                        "test.hic:md5,5ce7a683ccbba1556fb825cd87163dee"
                    ]
                ],
                "1": [
                    "versions.yml:md5,2f2429fdc6605a1e22325baff225434f"
                ],
                "hic": [
                    [
                        {
                            "id": "test",
                            "single_end": false
                        },
                        "test.hic:md5,5ce7a683ccbba1556fb825cd87163dee"
                    ]
                ],
                "versions": [
                    "versions.yml:md5,2f2429fdc6605a1e22325baff225434f"
                ]
            }
        ],
        "meta": {
            "nf-test": "0.9.2",
            "nextflow": "24.10.6"
        },
        "timestamp": "2025-05-23T15:11:55.622958"
    }
}
