{
    "hongyang - hic - bam": {
        "content": [
            {
                "0": [
                    [
                        {
                            "id": "test",
                            "single_end": false
                        },
                        "test.txt:md5,461ec5ed8e977fd0276415ca0e490ce2"
                    ]
                ],
                "1": [
                    [
                        {
                            "id": "test",
                            "single_end": false
                        },
                        "test.assembly:md5,2154e1e2f2c12dd43765bc35a2003826"
                    ]
                ],
                "2": [
                    [
                        {
                            "id": "test",
                            "single_end": false
                        },
                        "test.assembly.agp:md5,1389ded06e1056dd03d44a849788c4ad"
                    ]
                ],
                "3": [
                    [
                        {
                            "id": "test",
                            "single_end": false
                        },
                        "test.liftover.agp:md5,a98e3ca7dc4aea3523197faba02c3d72"
                    ]
                ],
                "4": [
                    "versions.yml:md5,81b6636241b0f8f09004f6b92dcab8a7"
                ],
                "assembly": [
                    [
                        {
                            "id": "test",
                            "single_end": false
                        },
                        "test.assembly:md5,2154e1e2f2c12dd43765bc35a2003826"
                    ]
                ],
                "assembly_agp": [
                    [
                        {
                            "id": "test",
                            "single_end": false
                        },
                        "test.assembly.agp:md5,1389ded06e1056dd03d44a849788c4ad"
                    ]
                ],
                "liftover_agp": [
                    [
                        {
                            "id": "test",
                            "single_end": false
                        },
                        "test.liftover.agp:md5,a98e3ca7dc4aea3523197faba02c3d72"
                    ]
                ],
                "txt": [
                    [
                        {
                            "id": "test",
                            "single_end": false
                        },
                        "test.txt:md5,461ec5ed8e977fd0276415ca0e490ce2"
                    ]
                ],
                "versions": [
                    "versions.yml:md5,81b6636241b0f8f09004f6b92dcab8a7"
                ]
            }
        ],
        "meta": {
            "nf-test": "0.9.2",
            "nextflow": "24.10.6"
        },
        "timestamp": "2025-05-22T11:06:26.842579"
    },
    "hongyang - hic - bam - stub": {
        "content": [
            {
                "0": [
                    [
                        {
                            "id": "test",
                            "single_end": false
                        },
                        "test.txt:md5,d41d8cd98f00b204e9800998ecf8427e"
                    ]
                ],
                "1": [
                    
                ],
                "2": [
                    
                ],
                "3": [
                    
                ],
                "4": [
                    "versions.yml:md5,81b6636241b0f8f09004f6b92dcab8a7"
                ],
                "assembly": [
                    
                ],
                "assembly_agp": [
                    
                ],
                "liftover_agp": [
                    
                ],
                "txt": [
                    [
                        {
                            "id": "test",
                            "single_end": false
                        },
                        "test.txt:md5,d41d8cd98f00b204e9800998ecf8427e"
                    ]
                ],
                "versions": [
                    "versions.yml:md5,81b6636241b0f8f09004f6b92dcab8a7"
                ]
            }
        ],
        "meta": {
            "nf-test": "0.9.2",
            "nextflow": "24.10.6"
        },
        "timestamp": "2025-05-22T13:40:28.868116"
    }
}