{
    "hongyang - hic - stub": {
        "content": [
            {
                "0": [
                    [
                        {
                            "id": "test",
                            "single_end": false
                        },
                        "test.pairs:md5,d41d8cd98f00b204e9800998ecf8427e"
                    ]
                ],
                "1": [
                    "versions.yml:md5,97550bee345676889335aa7c6e2a550b"
                ],
                "pairs": [
                    [
                        {
                            "id": "test",
                            "single_end": false
                        },
                        "test.pairs:md5,d41d8cd98f00b204e9800998ecf8427e"
                    ]
                ],
                "versions": [
                    "versions.yml:md5,97550bee345676889335aa7c6e2a550b"
                ]
            }
        ],
        "meta": {
            "nf-test": "0.9.2",
            "nextflow": "25.04.6"
        },
        "timestamp": "2025-08-11T11:25:00.293571"
    },
    "hongyang - hic": {
        "content": [
            {
                "0": [
                    [
                        {
                            "id": "test",
                            "single_end": false
                        },
                        "test.pairs:md5,fdd4d0b11d1655f8fd99539cd31592c6"
                    ]
                ],
                "1": [
                    "versions.yml:md5,97550bee345676889335aa7c6e2a550b"
                ],
                "pairs": [
                    [
                        {
                            "id": "test",
                            "single_end": false
                        },
                        "test.pairs:md5,fdd4d0b11d1655f8fd99539cd31592c6"
                    ]
                ],
                "versions": [
                    "versions.yml:md5,97550bee345676889335aa7c6e2a550b"
                ]
            }
        ],
        "meta": {
            "nf-test": "0.9.2",
            "nextflow": "25.04.6"
        },
        "timestamp": "2025-08-11T11:08:15.931302"
    }
}